..................                                                       [100%]
18 passed in 18.77s
